// Jest Snapshot v1, https://goo.gl/fbAQLP

exports[`Songs renders renders Songs 1`] = `
<ul>
  <li
    key="0"
  >
    <Song
      artist="lady"
      song={
        Object {
          "date": "yes",
          "id": "no",
        }
      }
    />
  </li>
</ul>
`;
