// Jest Snapshot v1, https://goo.gl/fbAQLP

exports[`Song renders renders Song 1`] = `
<Fragment>
  <Link
    style={
      Object {
        "color": "black",
        "fontSize": "1em",
        "padding": "5px",
      }
    }
    to="/song/lady/undefined"
  />
</Fragment>
`;
